{
	"source": "",
	"data_config": {},
	"collections_config": {},
	"_comments": {},
	"_options": {},
	"_structures": {},
	"_select_data": {},
	"generator": {},
	"source_editor": {},
	"paths": {
	  "uploads": null
	},
	"base_url": "",
	"time": "2000-11-22T00:00:00.000Z",
	"cloudcannon": {
	  "name": "cloudcannon-reader",
	  "version": "0.0.1"
	},
	"version": "0.0.3",
	"data": {},
	"collections": {}
  }
